{
  "status": "pass",
  "surface": "actual baseline/candidate VitePress build output",
  "built_files": 77,
  "byte_identical": true,
  "routes": [
    "404.html",
    "about.html",
    "index.html",
    "post/course/cybersec/index.html",
    "post/course/cybersec/what-is-safety.html",
    "post/course/rm/index.html",
    "post/course/rm/why-we-need-rm.html",
    "posts.html"
  ],
  "public_assets": {
    "assets/.gitkeep": "a38cb199f645ee3fb12f6c2d11c7be2d19ab134d44264e19b4666c83319d1b3e",
    "assets/fontawesome/css/brands.min.css": "9e2091a3026c87116c2ee1948fbad3bffbf1b1f733c2f89d351d3dc7aab082f9",
    "assets/fontawesome/css/fontawesome.min.css": "b164a2d2905748e1d48512f1e985606b4282c9438bbc0ee2958e56f658695d2b",
    "assets/fontawesome/css/regular.min.css": "d452ca86262c736cab4d172137e27176c2e4c7c141c8150c9154312f2aac3dae",
    "assets/fontawesome/css/solid.min.css": "abb7189386e7601b342822b2a72812cf972daeb3442b796d7a785ea6f860f7e6",
    "assets/fontawesome/webfonts/fa-brands-400.woff2": "70c632ba73c7ad942141bb2f56994b8eddf0a284c01aab9f21e0cd10021530c4",
    "assets/fontawesome/webfonts/fa-regular-400.woff2": "81aaa8342d90df0a3c0b87655e2c31a71941f0dd351fb9fb1ca5d692e744f6d0",
    "assets/fontawesome/webfonts/fa-solid-900.woff2": "ff58a6b0a01dbce082458f6e5a58719df4e80e0c2b50f744bb5871e21eca6878",
    "assets/fontawesome/webfonts/fa-v4compatibility.woff2": "4bad0278281153ad5354855ccfbc0674279ec47eff29b3d262c213478311cc52",
    "assets/post_course_cybersec_what-is-safety/1772342178110.gif": "72b6d5565bd8fe64acdaa8095e28f5020fb53359889cdbb8e0c13ba6d983efa5",
    "assets/post_course_cybersec_what-is-safety/20260227005508.png": "5a3094e2ba747556333e1f34c1773784c20a24af8dd029e8d8035558d592baff",
    "assets/post_course_cybersec_what-is-safety/20260227014249.png": "aa52bbba7acf5b4302c16507814045f4e8d1e0621b52c205a27d1fe90932d1e8",
    "assets/post_course_cybersec_what-is-safety/20260228013411.png": "0e9c53cf7cd8c42a7141bf7d916155d7ea6f6da67a4a70779186f9a307d6f92f",
    "assets/post_course_cybersec_what-is-safety/20260228022122.png": "a219da123e747a5d0a18652b85698d3b812a1a29d32314493b41e8f08322d8e2",
    "assets/post_course_cybersec_what-is-safety/20260228114351.png": "051e7ccf7c2d3a43220c94bf53336acf3d475c914499bf70acf52007f72dbb31",
    "assets/post_course_cybersec_what-is-safety/20260228130720.png": "75ebfb75472dc51071f6da4366023583aab412ddfa46c0d14dd373d2b8373ebe",
    "assets/post_course_cybersec_what-is-safety/20260301114806.png": "097f9b35af2ce28ac061ae2305d5802619aa342cf7eb4b5158b213010043b74c",
    "assets/post_course_cybersec_what-is-safety/20260301120037.png": "6d43abc8662f574dd4b3f09839a914d2135e5574938874f8b12723f1d53f285d",
    "assets/post_course_cybersec_what-is-safety/20260301122300.png": "0b9be3df40d223d35d502e90d17d90f6956a5137cae43c6729ec75ae01cd3d1b",
    "assets/post_course_cybersec_what-is-safety/20260301125241.png": "a58a448b69ef4f7ffdd2a19f25e031d1a46e1cf890d248bb4abfc0166fd12c5c",
    "assets/post_course_cybersec_what-is-safety/20260301125313.png": "1ed6afeef7d65a1ed614fe6e55c7180d5ef6facea8913c72b2a85fa44d0a21bf",
    "assets/post_course_cybersec_what-is-safety/20260301125401.png": "db48f430928196d5945709e28fbb28269839b9df1cb0316ce3dbb15108efbf92",
    "assets/post_course_cybersec_what-is-safety/20260301125743.png": "4137ea91db759d18a1e25224fe4d17d9102a6c6c2b216aad82768b0935f0d2ed",
    "assets/post_course_cybersec_what-is-safety/20260301132349.png": "72aec17ca978801f12beeb6cf12b070e9e6a490045333dfc8becbbec5573e8c3",
    "assets/post_course_rm_why-we-need-rm/20260302005553.png": "3b84d129e2b7fe73f42901e60ce6dd21662346fade6fa2e548a1f3bca8bc847d",
    "assets/post_course_rm_why-we-need-rm/20260302010537.png": "4505260ab07b1cee2bcf9b0bc82966abfa7684a8b8ba3197549408540a26544e",
    "assets/post_course_rm_why-we-need-rm/20260302012511.png": "44143e87b3895b2ba1f54008976637a6551734ed773e6902d6d062aa47c06baa",
    "assets/post_course_rm_why-we-need-rm/20260307155631.png": "0b71220f06823328675e12fec3000927466de017f943a4c1ccba5d3cac990524",
    "assets/post_course_rm_why-we-need-rm/20260307160403.png": "29e9a12b93218489a6f02032373b8b9d68f5b645202b02098c5d17f4b5831b94",
    "circleImage.svg": "0a165ae3fcfec248007e24f112c569387102ddc9b73ac88528c679011efce4e7",
    "heroImageWithoutText.svg": "309d453f1463e7fc581055a758429062538943580280bd89cb0306f075612291",
    "phoenixWithText.svg": "ba3bf36a716cd2b31ff1b245da9be0d22864b69dc88c50eee0fc40a788a537a8"
  },
  "all_built_file_sha256": {
    "404.html": "8053fdfea5da717c2d32052a6d7b3fecd3973f9de42c1ceec2bf9b77adb78012",
    "about.html": "630b59b536a6058db9801a51bbf6cb1272aa496f948c1675b10835b88fa87ad8",
    "assets/.gitkeep": "a38cb199f645ee3fb12f6c2d11c7be2d19ab134d44264e19b4666c83319d1b3e",
    "assets/about.md.TBdz59TB.js": "00cabc05289c1899f0dcbc396d078cfebf3b7b9a563618c804fc7dd8da08b78f",
    "assets/about.md.TBdz59TB.lean.js": "da0f3c9f3df2f1ffa00284cd9d941b9495c83c164a1ddd43afa47914f59ec7e9",
    "assets/app.DbnoHPhr.js": "ea0aef52fe4395406fc6714378e62c1bc1985af2e3bdcbba95ea7122ff50f45d",
    "assets/chunks/EasingType.1ClTOyCX.js": "8e33aa001822d911314c506ebf1e063af4c69bda647edf2b748260e22eb8bc61",
    "assets/chunks/framework.TfuNxy9f.js": "5dd2d33ed22d78de36e127707d427ad9839ee4776d9aac596dbe76fd7db33445",
    "assets/chunks/index.DL9XF96_.js": "ffff2a51ae3691c346efe3b26ada2d6861775295a625ec37d96a54639b9c3e6e",
    "assets/chunks/particles.es.HGQYb_zu.js": "fb50ee30fc79627504d76815f5348b1dd8111dc40f8bf89d041a4d255cacf06a",
    "assets/chunks/theme.CTFQ_icf.js": "ebf3898ac312eca676b6960652e6e0dc78981dafdf97b63864ee237ee28501eb",
    "assets/fontawesome/css/brands.min.css": "9e2091a3026c87116c2ee1948fbad3bffbf1b1f733c2f89d351d3dc7aab082f9",
    "assets/fontawesome/css/fontawesome.min.css": "b164a2d2905748e1d48512f1e985606b4282c9438bbc0ee2958e56f658695d2b",
    "assets/fontawesome/css/regular.min.css": "d452ca86262c736cab4d172137e27176c2e4c7c141c8150c9154312f2aac3dae",
    "assets/fontawesome/css/solid.min.css": "abb7189386e7601b342822b2a72812cf972daeb3442b796d7a785ea6f860f7e6",
    "assets/fontawesome/webfonts/fa-brands-400.woff2": "70c632ba73c7ad942141bb2f56994b8eddf0a284c01aab9f21e0cd10021530c4",
    "assets/fontawesome/webfonts/fa-regular-400.woff2": "81aaa8342d90df0a3c0b87655e2c31a71941f0dd351fb9fb1ca5d692e744f6d0",
    "assets/fontawesome/webfonts/fa-solid-900.woff2": "ff58a6b0a01dbce082458f6e5a58719df4e80e0c2b50f744bb5871e21eca6878",
    "assets/fontawesome/webfonts/fa-v4compatibility.woff2": "4bad0278281153ad5354855ccfbc0674279ec47eff29b3d262c213478311cc52",
    "assets/index.md.BrwkOmXZ.js": "74e29158a83a8b4ab4118a91557eaa7be292e82044219680669ea5520fc8b774",
    "assets/index.md.BrwkOmXZ.lean.js": "74e29158a83a8b4ab4118a91557eaa7be292e82044219680669ea5520fc8b774",
    "assets/inter-italic-cyrillic-ext.r48I6akx.woff2": "3f2ea09e148441f83171eae388d00da780b24b9bd155c141d0b5fbb0d803871d",
    "assets/inter-italic-cyrillic.By2_1cv3.woff2": "2a1c3126375078cd85d262aad635ac9d9ff9ac2c18b8143b2d21d540f9cd3dfb",
    "assets/inter-italic-greek-ext.1u6EdAuj.woff2": "bae39b1cc79168c9ac47f120c3eaa82cb634dc17e457cdd484725d8c7a60ab3e",
    "assets/inter-italic-greek.DJ8dCoTZ.woff2": "138cf731e5a284e262c576f765a6cb8f58045cb798d16693091e2251a0f63559",
    "assets/inter-italic-latin-ext.CN1xVJS-.woff2": "3e166de9aeff2d6a3d13c9228e03f7ff76369f5fa95fe0ab1d1d44235d5516aa",
    "assets/inter-italic-latin.C2AdPX0b.woff2": "3570e65005ccd9ecd87c6ccc7c713fc474a80ff7c3abbb1063f0e8ab4f8dc891",
    "assets/inter-italic-vietnamese.BSbpV94h.woff2": "a0aae13c473b99b63f3c0b8b692b3b2a4023145171aa86964f268235573e4ce5",
    "assets/inter-roman-cyrillic-ext.BBPuwvHQ.woff2": "a49e47fb34f94acf8ceb57603cb2fc4c01861527a9a304de3a0236b7b67da2c6",
    "assets/inter-roman-cyrillic.C5lxZ8CY.woff2": "d888610b6342164a592e59a4ce91a3755126a6ca2ee4e0d75c8e915eebaeed68",
    "assets/inter-roman-greek-ext.CqjqNYQ-.woff2": "7b7519f21aff6b3a011099999cec8a9d4c99173a8c9adeecffb0bd032fc49f69",
    "assets/inter-roman-greek.BBVDIX6e.woff2": "1a1997dfdcd7a9e0d2b26944b4b7fd1f1b2fde91bb405cb7a5870f93b45d2e05",
    "assets/inter-roman-latin-ext.4ZJIpNVo.woff2": "539d139f99942e93bead7bbcd18bc00f5a73932eb3a8997367f2b79f4f75bc60",
    "assets/inter-roman-latin.Di8DUHzh.woff2": "f7ab715caa2c78facb4334b211c81ee66f037cf9c99ca3f24acd543e84a93278",
    "assets/inter-roman-vietnamese.BjW4sHH5.woff2": "b315417b28ce251a54000a824d73c5af36798a88b3c05594f28dada0cbffab5a",
    "assets/post_course_cybersec_index.md.75WqGZmt.js": "c4a2e79a384cfd933ccd07119ab80d6b00d3427043550f581b4b66bc952d6c4a",
    "assets/post_course_cybersec_index.md.75WqGZmt.lean.js": "c4a2e79a384cfd933ccd07119ab80d6b00d3427043550f581b4b66bc952d6c4a",
    "assets/post_course_cybersec_what-is-safety/1772342178110.gif": "72b6d5565bd8fe64acdaa8095e28f5020fb53359889cdbb8e0c13ba6d983efa5",
    "assets/post_course_cybersec_what-is-safety/20260227005508.png": "5a3094e2ba747556333e1f34c1773784c20a24af8dd029e8d8035558d592baff",
    "assets/post_course_cybersec_what-is-safety/20260227014249.png": "aa52bbba7acf5b4302c16507814045f4e8d1e0621b52c205a27d1fe90932d1e8",
    "assets/post_course_cybersec_what-is-safety/20260228013411.png": "0e9c53cf7cd8c42a7141bf7d916155d7ea6f6da67a4a70779186f9a307d6f92f",
    "assets/post_course_cybersec_what-is-safety/20260228022122.png": "a219da123e747a5d0a18652b85698d3b812a1a29d32314493b41e8f08322d8e2",
    "assets/post_course_cybersec_what-is-safety/20260228114351.png": "051e7ccf7c2d3a43220c94bf53336acf3d475c914499bf70acf52007f72dbb31",
    "assets/post_course_cybersec_what-is-safety/20260228130720.png": "75ebfb75472dc51071f6da4366023583aab412ddfa46c0d14dd373d2b8373ebe",
    "assets/post_course_cybersec_what-is-safety/20260301114806.png": "097f9b35af2ce28ac061ae2305d5802619aa342cf7eb4b5158b213010043b74c",
    "assets/post_course_cybersec_what-is-safety/20260301120037.png": "6d43abc8662f574dd4b3f09839a914d2135e5574938874f8b12723f1d53f285d",
    "assets/post_course_cybersec_what-is-safety/20260301122300.png": "0b9be3df40d223d35d502e90d17d90f6956a5137cae43c6729ec75ae01cd3d1b",
    "assets/post_course_cybersec_what-is-safety/20260301125241.png": "a58a448b69ef4f7ffdd2a19f25e031d1a46e1cf890d248bb4abfc0166fd12c5c",
    "assets/post_course_cybersec_what-is-safety/20260301125313.png": "1ed6afeef7d65a1ed614fe6e55c7180d5ef6facea8913c72b2a85fa44d0a21bf",
    "assets/post_course_cybersec_what-is-safety/20260301125401.png": "db48f430928196d5945709e28fbb28269839b9df1cb0316ce3dbb15108efbf92",
    "assets/post_course_cybersec_what-is-safety/20260301125743.png": "4137ea91db759d18a1e25224fe4d17d9102a6c6c2b216aad82768b0935f0d2ed",
    "assets/post_course_cybersec_what-is-safety/20260301132349.png": "72aec17ca978801f12beeb6cf12b070e9e6a490045333dfc8becbbec5573e8c3",
    "assets/post_course_cybersec_what-is-safety.md.CbMknFp-.js": "9ecb870123dddc61bdd15e9db956b7d10447b503a6f6cc3d9dd19710f5df59a3",
    "assets/post_course_cybersec_what-is-safety.md.CbMknFp-.lean.js": "57992a1fa084c7ebed9eeb315af1780258309436f3ca2942f650bda1e580373c",
    "assets/post_course_rm_index.md._Ny4YOpj.js": "9a03056bb0110dc08f7eb889c8b5e43df286a793d575ea6755de16497dda5054",
    "assets/post_course_rm_index.md._Ny4YOpj.lean.js": "9a03056bb0110dc08f7eb889c8b5e43df286a793d575ea6755de16497dda5054",
    "assets/post_course_rm_why-we-need-rm/20260302005553.png": "3b84d129e2b7fe73f42901e60ce6dd21662346fade6fa2e548a1f3bca8bc847d",
    "assets/post_course_rm_why-we-need-rm/20260302010537.png": "4505260ab07b1cee2bcf9b0bc82966abfa7684a8b8ba3197549408540a26544e",
    "assets/post_course_rm_why-we-need-rm/20260302012511.png": "44143e87b3895b2ba1f54008976637a6551734ed773e6902d6d062aa47c06baa",
    "assets/post_course_rm_why-we-need-rm/20260307155631.png": "0b71220f06823328675e12fec3000927466de017f943a4c1ccba5d3cac990524",
    "assets/post_course_rm_why-we-need-rm/20260307160403.png": "29e9a12b93218489a6f02032373b8b9d68f5b645202b02098c5d17f4b5831b94",
    "assets/post_course_rm_why-we-need-rm.md.Lz2d3NRk.js": "c2970c4f3d3d46c0cc7913dcc6c767cdb4fc883d668dc3b89a588b9d2ff1c97e",
    "assets/post_course_rm_why-we-need-rm.md.Lz2d3NRk.lean.js": "c019eed337e64f79abab08e3925d253f827ac1b89dde62dc6f2ea162b02e76c8",
    "assets/posts.md.DBhTbHYe.js": "2e05dda2cbd59cb0aa83774b4c7dd8dfa20f73dc1e1e4e7aa065eb1d0dda92a4",
    "assets/posts.md.DBhTbHYe.lean.js": "2e05dda2cbd59cb0aa83774b4c7dd8dfa20f73dc1e1e4e7aa065eb1d0dda92a4",
    "assets/style.CF_CKQ9o.css": "8a0fa38848b9e362c27298e919c2bfd68cea52b523298fc446bebc68263ed0f8",
    "circleImage.svg": "0a165ae3fcfec248007e24f112c569387102ddc9b73ac88528c679011efce4e7",
    "hashmap.json": "db908acf19bf8de7530ebcb61a743b93eeb9db37bf337b6c894cc44ef783e536",
    "heroImageWithoutText.svg": "309d453f1463e7fc581055a758429062538943580280bd89cb0306f075612291",
    "index.html": "6f8668836e3ae25d24de3146b674dbae0d0874e540dcba2f17e77df94099fa3b",
    "phoenixWithText.svg": "ba3bf36a716cd2b31ff1b245da9be0d22864b69dc88c50eee0fc40a788a537a8",
    "post/course/cybersec/index.html": "ff603fbd55111ba05143751ff78cfbfb4a30039250c15fd0eb94649b38a529b0",
    "post/course/cybersec/what-is-safety.html": "ebd17d6cd8e15db1af4c1a06baad185ba75b1b31dd24d10b63063d310e99c5a5",
    "post/course/rm/index.html": "978d765151217dab4a9734032572ce45b75958d585ecfb22fc79bc3e4640daea",
    "post/course/rm/why-we-need-rm.html": "756e18a7198ccf334a5ee1b68885d72c54d89f18c84c2b58a920784d53765730",
    "posts.html": "b7e834e77dae9b98d2bf8e5a12e94efd88af73a48a375d2e05e6c28afd3bfa33",
    "vp-icons.css": "c3179481ddd882c06c7a5c5888509946f5be5b9ba7e504e3b0ceef1004831786"
  },
  "data_parity": "all emitted JS/chunks and route HTML byte-identical; includes generated post data",
  "management_html": "none; exact route allowlist"
}
