test_catalog_rejects_missing_product_skill_and_same_count_replacement (test_tracker.FrameworkImportTests.test_catalog_rejects_missing_product_skill_and_same_count_replacement) ... ok
test_framework_provenance_and_manifest_repins_are_rejected (test_tracker.FrameworkImportTests.test_framework_provenance_and_manifest_repins_are_rejected) ... ok
test_pinned_file_and_parent_symlinks_and_missing_file_are_rejected (test_tracker.FrameworkImportTests.test_pinned_file_and_parent_symlinks_and_missing_file_are_rejected) ... ok
test_pinned_framework_asset_tamper_is_rejected (test_tracker.FrameworkImportTests.test_pinned_framework_asset_tamper_is_rejected) ... ok
test_runtime_catalog_rejects_an_unknown_root_skill_in_each_runtime (test_tracker.FrameworkImportTests.test_runtime_catalog_rejects_an_unknown_root_skill_in_each_runtime) ... ok
test_runtime_tree_rejects_unpinned_framework_files_and_nested_links (test_tracker.FrameworkImportTests.test_runtime_tree_rejects_unpinned_framework_files_and_nested_links) ... ok
test_verified_catalog_reports_35_physical_skills_per_runtime (test_tracker.FrameworkImportTests.test_verified_catalog_reports_35_physical_skills_per_runtime) ... ok
test_blocking_is_derived (test_tracker.TrackerTests.test_blocking_is_derived) ... ok
test_done_requires_real_landing_record (test_tracker.TrackerTests.test_done_requires_real_landing_record) ... ok
test_duplicate_id_across_epics_rejected (test_tracker.TrackerTests.test_duplicate_id_across_epics_rejected) ... ok
test_frontier_and_global_next_id (test_tracker.TrackerTests.test_frontier_and_global_next_id) ... ok
test_missing_self_and_cycles_rejected (test_tracker.TrackerTests.test_missing_self_and_cycles_rejected) ... ok
test_pass_evidence_requires_real_log_hash_and_exit (test_tracker.TrackerTests.test_pass_evidence_requires_real_log_hash_and_exit) ... ok
test_pending_requires_reason_evidence_date_and_revisit (test_tracker.TrackerTests.test_pending_requires_reason_evidence_date_and_revisit) ... ok
test_site_projection_rejects_tamper_missing_and_extra_product (test_tracker.TrackerTests.test_site_projection_rejects_tamper_missing_and_extra_product) ... ok
test_stale_translation_and_missing_source_rejected (test_tracker.TrackerTests.test_stale_translation_and_missing_source_rejected) ... ok
test_stored_blocked_and_unknown_status_rejected (test_tracker.TrackerTests.test_stored_blocked_and_unknown_status_rejected) ... ok
test_trace_rejects_dangling_ac_ticket_source_and_false_pass (test_tracker.TrackerTests.test_trace_rejects_dangling_ac_ticket_source_and_false_pass) ... ok
test_unknown_product_addition_is_rejected (test_tracker.TrackerTests.test_unknown_product_addition_is_rejected) ... ok

----------------------------------------------------------------------
Ran 19 tests in 9.643s

OK
