test_builds_physical_complete_packages_and_projects_links (test_materializer.MaterializerTests.test_builds_physical_complete_packages_and_projects_links) ... ok
test_check_detects_output_manifest_and_policy_drift (test_materializer.MaterializerTests.test_check_detects_output_manifest_and_policy_drift) ... ok
test_rejects_alias_target_escape_and_nested_backing_symlink (test_materializer.MaterializerTests.test_rejects_alias_target_escape_and_nested_backing_symlink) ... ok
test_rejects_extra_and_missing_backing_files (test_materializer.MaterializerTests.test_rejects_extra_and_missing_backing_files) ... ok
test_rejects_forged_policy_alias_mapping_and_duplicate_input (test_materializer.MaterializerTests.test_rejects_forged_policy_alias_mapping_and_duplicate_input) ... ok
test_rejects_pinned_backing_hash_drift_and_regular_alias_replacement (test_materializer.MaterializerTests.test_rejects_pinned_backing_hash_drift_and_regular_alias_replacement) ... ok
test_rejects_policy_parent_symlink_before_read (test_materializer.MaterializerTests.test_rejects_policy_parent_symlink_before_read) ... ok
test_rejects_runtime_extra_and_claude_codex_metadata_on_check (test_materializer.MaterializerTests.test_rejects_runtime_extra_and_claude_codex_metadata_on_check) ... ok
test_rejects_runtime_parent_and_foreign_framework_symlinks (test_materializer.MaterializerTests.test_rejects_runtime_parent_and_foreign_framework_symlinks) ... ok
test_rejects_source_claude_frontmatter_before_generation (test_materializer.MaterializerTests.test_rejects_source_claude_frontmatter_before_generation) ... ok
test_rejects_source_parent_symlink_even_with_matching_hash (test_materializer.MaterializerTests.test_rejects_source_parent_symlink_even_with_matching_hash) ... ok
test_rejects_unknown_active_markdown_link_syntax_and_missing_link (test_materializer.MaterializerTests.test_rejects_unknown_active_markdown_link_syntax_and_missing_link) ... ok
test_rejects_unknown_missing_extra_and_changed_inputs_before_write (test_materializer.MaterializerTests.test_rejects_unknown_missing_extra_and_changed_inputs_before_write) ... ok
test_rejects_unknown_or_duplicate_canonical_frontmatter_keys (test_materializer.MaterializerTests.test_rejects_unknown_or_duplicate_canonical_frontmatter_keys) ... 
  test_rejects_unknown_or_duplicate_canonical_frontmatter_keys (test_materializer.MaterializerTests.test_rejects_unknown_or_duplicate_canonical_frontmatter_keys) (added='tools: shell\n') ... FAIL
  test_rejects_unknown_or_duplicate_canonical_frontmatter_keys (test_materializer.MaterializerTests.test_rejects_unknown_or_duplicate_canonical_frontmatter_keys) (added='policy: unsafe\n') ... FAIL
  test_rejects_unknown_or_duplicate_canonical_frontmatter_keys (test_materializer.MaterializerTests.test_rejects_unknown_or_duplicate_canonical_frontmatter_keys) (added='name: arbitrary-other-skill\n') ... FAIL
test_rollback_restores_original_entry_symlinks_after_first_install_failure (test_materializer.MaterializerTests.test_rollback_restores_original_entry_symlinks_after_first_install_failure) ... ok
test_rolls_back_partial_install_and_preserves_foreign_framework (test_materializer.MaterializerTests.test_rolls_back_partial_install_and_preserves_foreign_framework) ... ok
test_second_generation_and_check_are_deterministic_and_read_only (test_materializer.MaterializerTests.test_second_generation_and_check_are_deterministic_and_read_only) ... ok

======================================================================
FAIL: test_rejects_unknown_or_duplicate_canonical_frontmatter_keys (test_materializer.MaterializerTests.test_rejects_unknown_or_duplicate_canonical_frontmatter_keys) (added='tools: shell\n')
----------------------------------------------------------------------
Traceback (most recent call last):
  File "{CANDIDATE}/tests/harness_adoption/test_materializer.py", line 210, in test_rejects_unknown_or_duplicate_canonical_frontmatter_keys
    result=self.run_cli();self.assert_rejected(result);self.assertIn("foreign runtime frontmatter",result.stderr)
                          ~~~~~~~~~~~~~~~~~~~~^^^^^^^^
  File "{CANDIDATE}/tests/harness_adoption/test_materializer.py", line 63, in assert_rejected
    self.assertNotEqual(result.returncode, 0, result.stdout)
    ~~~~~~~~~~~~~~~~~~~^^^^^^^^^^^^^^^^^^^^^^^^^^^^^^^^^^^^^
AssertionError: 0 == 0 : {"generated_files": 17, "mode": "write", "source_files": 6, "source_policy_sha256": "c8c6ae4fc5dcbd15b5b5b5659256100816f5eb41c70129ab372fb528e6ccc9db", "status": "pass"}


======================================================================
FAIL: test_rejects_unknown_or_duplicate_canonical_frontmatter_keys (test_materializer.MaterializerTests.test_rejects_unknown_or_duplicate_canonical_frontmatter_keys) (added='policy: unsafe\n')
----------------------------------------------------------------------
Traceback (most recent call last):
  File "{CANDIDATE}/tests/harness_adoption/test_materializer.py", line 210, in test_rejects_unknown_or_duplicate_canonical_frontmatter_keys
    result=self.run_cli();self.assert_rejected(result);self.assertIn("foreign runtime frontmatter",result.stderr)
                          ~~~~~~~~~~~~~~~~~~~~^^^^^^^^
  File "{CANDIDATE}/tests/harness_adoption/test_materializer.py", line 63, in assert_rejected
    self.assertNotEqual(result.returncode, 0, result.stdout)
    ~~~~~~~~~~~~~~~~~~~^^^^^^^^^^^^^^^^^^^^^^^^^^^^^^^^^^^^^
AssertionError: 0 == 0 : {"generated_files": 17, "mode": "write", "source_files": 6, "source_policy_sha256": "461e1019890e4f2e9c325432e1d48868dbdcd1206d4f26752163a33277307267", "status": "pass"}


======================================================================
FAIL: test_rejects_unknown_or_duplicate_canonical_frontmatter_keys (test_materializer.MaterializerTests.test_rejects_unknown_or_duplicate_canonical_frontmatter_keys) (added='name: arbitrary-other-skill\n')
----------------------------------------------------------------------
Traceback (most recent call last):
  File "{CANDIDATE}/tests/harness_adoption/test_materializer.py", line 210, in test_rejects_unknown_or_duplicate_canonical_frontmatter_keys
    result=self.run_cli();self.assert_rejected(result);self.assertIn("foreign runtime frontmatter",result.stderr)
                          ~~~~~~~~~~~~~~~~~~~~^^^^^^^^
  File "{CANDIDATE}/tests/harness_adoption/test_materializer.py", line 63, in assert_rejected
    self.assertNotEqual(result.returncode, 0, result.stdout)
    ~~~~~~~~~~~~~~~~~~~^^^^^^^^^^^^^^^^^^^^^^^^^^^^^^^^^^^^^
AssertionError: 0 == 0 : {"generated_files": 17, "mode": "write", "source_files": 6, "source_policy_sha256": "1952d147d651191974186114eeb1e3b20647d2142d7b874291783817150cda60", "status": "pass"}


----------------------------------------------------------------------
Ran 17 tests in 7.924s

FAILED (failures=3)
