test_builds_physical_complete_packages_and_projects_links (test_materializer.MaterializerTests.test_builds_physical_complete_packages_and_projects_links) ... FAIL
test_check_detects_output_manifest_and_policy_drift (test_materializer.MaterializerTests.test_check_detects_output_manifest_and_policy_drift) ... FAIL
test_rejects_alias_target_escape_and_nested_backing_symlink (test_materializer.MaterializerTests.test_rejects_alias_target_escape_and_nested_backing_symlink) ... ok
test_rejects_extra_and_missing_backing_files (test_materializer.MaterializerTests.test_rejects_extra_and_missing_backing_files) ... ok
test_rejects_forged_policy_alias_mapping_and_duplicate_input (test_materializer.MaterializerTests.test_rejects_forged_policy_alias_mapping_and_duplicate_input) ... ok
test_rejects_runtime_parent_and_foreign_framework_symlinks (test_materializer.MaterializerTests.test_rejects_runtime_parent_and_foreign_framework_symlinks) ... FAIL
test_rejects_source_parent_symlink_even_with_matching_hash (test_materializer.MaterializerTests.test_rejects_source_parent_symlink_even_with_matching_hash) ... ok
test_rejects_unknown_active_markdown_link_syntax_and_missing_link (test_materializer.MaterializerTests.test_rejects_unknown_active_markdown_link_syntax_and_missing_link) ... ok
test_rejects_unknown_missing_extra_and_changed_inputs_before_write (test_materializer.MaterializerTests.test_rejects_unknown_missing_extra_and_changed_inputs_before_write) ... ok
test_rolls_back_partial_install_and_preserves_foreign_framework (test_materializer.MaterializerTests.test_rolls_back_partial_install_and_preserves_foreign_framework) ... FAIL
test_second_generation_and_check_are_deterministic_and_read_only (test_materializer.MaterializerTests.test_second_generation_and_check_are_deterministic_and_read_only) ... FAIL

======================================================================
FAIL: test_builds_physical_complete_packages_and_projects_links (test_materializer.MaterializerTests.test_builds_physical_complete_packages_and_projects_links)
----------------------------------------------------------------------
Traceback (most recent call last):
  File "{CANDIDATE}/tests/harness_adoption/test_materializer.py", line 66, in test_builds_physical_complete_packages_and_projects_links
    self.assert_ok(self.run_cli())
    ~~~~~~~~~~~~~~^^^^^^^^^^^^^^^^
  File "{CANDIDATE}/tests/harness_adoption/test_materializer.py", line 60, in assert_ok
    self.assertEqual(result.returncode, 0, result.stdout + result.stderr)
    ~~~~~~~~~~~~~~~~^^^^^^^^^^^^^^^^^^^^^^^^^^^^^^^^^^^^^^^^^^^^^^^^^^^^^
AssertionError: 2 != 0 : /opt/homebrew/Cellar/python@3.14/3.14.3_1/Frameworks/Python.framework/Versions/3.14/Resources/Python.app/Contents/MacOS/Python: can't open file '{CANDIDATE}/scripts/materialize-writing-skills.py': [Errno 2] No such file or directory


======================================================================
FAIL: test_check_detects_output_manifest_and_policy_drift (test_materializer.MaterializerTests.test_check_detects_output_manifest_and_policy_drift)
----------------------------------------------------------------------
Traceback (most recent call last):
  File "{CANDIDATE}/tests/harness_adoption/test_materializer.py", line 94, in test_check_detects_output_manifest_and_policy_drift
    self.assert_ok(self.run_cli())
    ~~~~~~~~~~~~~~^^^^^^^^^^^^^^^^
  File "{CANDIDATE}/tests/harness_adoption/test_materializer.py", line 60, in assert_ok
    self.assertEqual(result.returncode, 0, result.stdout + result.stderr)
    ~~~~~~~~~~~~~~~~^^^^^^^^^^^^^^^^^^^^^^^^^^^^^^^^^^^^^^^^^^^^^^^^^^^^^
AssertionError: 2 != 0 : /opt/homebrew/Cellar/python@3.14/3.14.3_1/Frameworks/Python.framework/Versions/3.14/Resources/Python.app/Contents/MacOS/Python: can't open file '{CANDIDATE}/scripts/materialize-writing-skills.py': [Errno 2] No such file or directory


======================================================================
FAIL: test_rejects_runtime_parent_and_foreign_framework_symlinks (test_materializer.MaterializerTests.test_rejects_runtime_parent_and_foreign_framework_symlinks)
----------------------------------------------------------------------
Traceback (most recent call last):
  File "{CANDIDATE}/tests/harness_adoption/test_materializer.py", line 155, in test_rejects_runtime_parent_and_foreign_framework_symlinks
    self.assert_ok(self.run_cli())
    ~~~~~~~~~~~~~~^^^^^^^^^^^^^^^^
  File "{CANDIDATE}/tests/harness_adoption/test_materializer.py", line 60, in assert_ok
    self.assertEqual(result.returncode, 0, result.stdout + result.stderr)
    ~~~~~~~~~~~~~~~~^^^^^^^^^^^^^^^^^^^^^^^^^^^^^^^^^^^^^^^^^^^^^^^^^^^^^
AssertionError: 2 != 0 : /opt/homebrew/Cellar/python@3.14/3.14.3_1/Frameworks/Python.framework/Versions/3.14/Resources/Python.app/Contents/MacOS/Python: can't open file '{CANDIDATE}/scripts/materialize-writing-skills.py': [Errno 2] No such file or directory


======================================================================
FAIL: test_rolls_back_partial_install_and_preserves_foreign_framework (test_materializer.MaterializerTests.test_rolls_back_partial_install_and_preserves_foreign_framework)
----------------------------------------------------------------------
Traceback (most recent call last):
  File "{CANDIDATE}/tests/harness_adoption/test_materializer.py", line 146, in test_rolls_back_partial_install_and_preserves_foreign_framework
    self.assert_ok(self.run_cli());before=self.snapshot()
    ~~~~~~~~~~~~~~^^^^^^^^^^^^^^^^
  File "{CANDIDATE}/tests/harness_adoption/test_materializer.py", line 60, in assert_ok
    self.assertEqual(result.returncode, 0, result.stdout + result.stderr)
    ~~~~~~~~~~~~~~~~^^^^^^^^^^^^^^^^^^^^^^^^^^^^^^^^^^^^^^^^^^^^^^^^^^^^^
AssertionError: 2 != 0 : /opt/homebrew/Cellar/python@3.14/3.14.3_1/Frameworks/Python.framework/Versions/3.14/Resources/Python.app/Contents/MacOS/Python: can't open file '{CANDIDATE}/scripts/materialize-writing-skills.py': [Errno 2] No such file or directory


======================================================================
FAIL: test_second_generation_and_check_are_deterministic_and_read_only (test_materializer.MaterializerTests.test_second_generation_and_check_are_deterministic_and_read_only)
----------------------------------------------------------------------
Traceback (most recent call last):
  File "{CANDIDATE}/tests/harness_adoption/test_materializer.py", line 86, in test_second_generation_and_check_are_deterministic_and_read_only
    self.assert_ok(self.run_cli())
    ~~~~~~~~~~~~~~^^^^^^^^^^^^^^^^
  File "{CANDIDATE}/tests/harness_adoption/test_materializer.py", line 60, in assert_ok
    self.assertEqual(result.returncode, 0, result.stdout + result.stderr)
    ~~~~~~~~~~~~~~~~^^^^^^^^^^^^^^^^^^^^^^^^^^^^^^^^^^^^^^^^^^^^^^^^^^^^^
AssertionError: 2 != 0 : /opt/homebrew/Cellar/python@3.14/3.14.3_1/Frameworks/Python.framework/Versions/3.14/Resources/Python.app/Contents/MacOS/Python: can't open file '{CANDIDATE}/scripts/materialize-writing-skills.py': [Errno 2] No such file or directory


----------------------------------------------------------------------
Ran 11 tests in 0.835s

FAILED (failures=5)
