test_builds_physical_complete_packages_and_projects_links (test_materializer.MaterializerTests.test_builds_physical_complete_packages_and_projects_links) ... ok
test_check_detects_output_manifest_and_policy_drift (test_materializer.MaterializerTests.test_check_detects_output_manifest_and_policy_drift) ... ok
test_rejects_alias_target_escape_and_nested_backing_symlink (test_materializer.MaterializerTests.test_rejects_alias_target_escape_and_nested_backing_symlink) ... ok
test_rejects_extra_and_missing_backing_files (test_materializer.MaterializerTests.test_rejects_extra_and_missing_backing_files) ... ok
test_rejects_forged_policy_alias_mapping_and_duplicate_input (test_materializer.MaterializerTests.test_rejects_forged_policy_alias_mapping_and_duplicate_input) ... ok
test_rejects_pinned_backing_hash_drift_and_regular_alias_replacement (test_materializer.MaterializerTests.test_rejects_pinned_backing_hash_drift_and_regular_alias_replacement) ... ok
test_rejects_policy_parent_symlink_before_read (test_materializer.MaterializerTests.test_rejects_policy_parent_symlink_before_read) ... ok
test_rejects_quoted_top_level_runtime_keys_and_duplicate_names (test_materializer.MaterializerTests.test_rejects_quoted_top_level_runtime_keys_and_duplicate_names) ... ok
test_rejects_runtime_extra_and_claude_codex_metadata_on_check (test_materializer.MaterializerTests.test_rejects_runtime_extra_and_claude_codex_metadata_on_check) ... ok
test_rejects_runtime_parent_and_foreign_framework_symlinks (test_materializer.MaterializerTests.test_rejects_runtime_parent_and_foreign_framework_symlinks) ... ok
test_rejects_source_claude_frontmatter_before_generation (test_materializer.MaterializerTests.test_rejects_source_claude_frontmatter_before_generation) ... ok
test_rejects_source_parent_symlink_even_with_matching_hash (test_materializer.MaterializerTests.test_rejects_source_parent_symlink_even_with_matching_hash) ... ok
test_rejects_unknown_active_markdown_link_syntax_and_missing_link (test_materializer.MaterializerTests.test_rejects_unknown_active_markdown_link_syntax_and_missing_link) ... ok
test_rejects_unknown_missing_extra_and_changed_inputs_before_write (test_materializer.MaterializerTests.test_rejects_unknown_missing_extra_and_changed_inputs_before_write) ... ok
test_rejects_unknown_or_duplicate_canonical_frontmatter_keys (test_materializer.MaterializerTests.test_rejects_unknown_or_duplicate_canonical_frontmatter_keys) ... ok
test_rollback_restores_original_entry_symlinks_after_first_install_failure (test_materializer.MaterializerTests.test_rollback_restores_original_entry_symlinks_after_first_install_failure) ... ok
test_rolls_back_partial_install_and_preserves_foreign_framework (test_materializer.MaterializerTests.test_rolls_back_partial_install_and_preserves_foreign_framework) ... ok
test_second_generation_and_check_are_deterministic_and_read_only (test_materializer.MaterializerTests.test_second_generation_and_check_are_deterministic_and_read_only) ... ok

----------------------------------------------------------------------
Ran 18 tests in 4.512s

OK
