test_builds_physical_complete_packages_and_projects_links (test_materializer.MaterializerTests.test_builds_physical_complete_packages_and_projects_links) ... FAIL
test_check_detects_output_manifest_and_policy_drift (test_materializer.MaterializerTests.test_check_detects_output_manifest_and_policy_drift) ... FAIL
test_rejects_alias_target_escape_and_nested_backing_symlink (test_materializer.MaterializerTests.test_rejects_alias_target_escape_and_nested_backing_symlink) ... FAIL
test_rejects_extra_and_missing_backing_files (test_materializer.MaterializerTests.test_rejects_extra_and_missing_backing_files) ... FAIL
test_rejects_forged_policy_alias_mapping_and_duplicate_input (test_materializer.MaterializerTests.test_rejects_forged_policy_alias_mapping_and_duplicate_input) ... FAIL
test_rejects_runtime_parent_and_foreign_framework_symlinks (test_materializer.MaterializerTests.test_rejects_runtime_parent_and_foreign_framework_symlinks) ... FAIL
test_rejects_source_parent_symlink_even_with_matching_hash (test_materializer.MaterializerTests.test_rejects_source_parent_symlink_even_with_matching_hash) ... FAIL
test_rejects_unknown_active_markdown_link_syntax_and_missing_link (test_materializer.MaterializerTests.test_rejects_unknown_active_markdown_link_syntax_and_missing_link) ... FAIL
test_rejects_unknown_missing_extra_and_changed_inputs_before_write (test_materializer.MaterializerTests.test_rejects_unknown_missing_extra_and_changed_inputs_before_write) ... 
  test_rejects_unknown_missing_extra_and_changed_inputs_before_write (test_materializer.MaterializerTests.test_rejects_unknown_missing_extra_and_changed_inputs_before_write) (action='extra') ... FAIL
  test_rejects_unknown_missing_extra_and_changed_inputs_before_write (test_materializer.MaterializerTests.test_rejects_unknown_missing_extra_and_changed_inputs_before_write) (action='missing') ... FAIL
  test_rejects_unknown_missing_extra_and_changed_inputs_before_write (test_materializer.MaterializerTests.test_rejects_unknown_missing_extra_and_changed_inputs_before_write) (action='hash') ... ERROR
  test_rejects_unknown_missing_extra_and_changed_inputs_before_write (test_materializer.MaterializerTests.test_rejects_unknown_missing_extra_and_changed_inputs_before_write) (action='unknown-link') ... ERROR
  test_rejects_unknown_missing_extra_and_changed_inputs_before_write (test_materializer.MaterializerTests.test_rejects_unknown_missing_extra_and_changed_inputs_before_write) (action='foreign-metadata') ... ERROR
test_rolls_back_partial_install_and_preserves_foreign_framework (test_materializer.MaterializerTests.test_rolls_back_partial_install_and_preserves_foreign_framework) ... FAIL
test_second_generation_and_check_are_deterministic_and_read_only (test_materializer.MaterializerTests.test_second_generation_and_check_are_deterministic_and_read_only) ... FAIL

======================================================================
ERROR: test_rejects_unknown_missing_extra_and_changed_inputs_before_write (test_materializer.MaterializerTests.test_rejects_unknown_missing_extra_and_changed_inputs_before_write) (action='hash')
----------------------------------------------------------------------
Traceback (most recent call last):
  File "{CANDIDATE}/tests/harness_adoption/test_materializer.py", line 109, in test_rejects_unknown_missing_extra_and_changed_inputs_before_write
    p=self.root/"skills/phoenix-writing/SKILL.md"; old=p.read_bytes()
                                                       ~~~~~~~~~~~~^^
  File "/opt/homebrew/Cellar/python@3.14/3.14.3_1/Frameworks/Python.framework/Versions/3.14/lib/python3.14/pathlib/__init__.py", line 777, in read_bytes
    with self.open(mode='rb', buffering=0) as f:
         ~~~~~~~~~^^^^^^^^^^^^^^^^^^^^^^^^
  File "/opt/homebrew/Cellar/python@3.14/3.14.3_1/Frameworks/Python.framework/Versions/3.14/lib/python3.14/pathlib/__init__.py", line 771, in open
    return io.open(self, mode, buffering, encoding, errors, newline)
           ~~~~~~~^^^^^^^^^^^^^^^^^^^^^^^^^^^^^^^^^^^^^^^^^^^^^^^^^^
FileNotFoundError: [Errno 2] No such file or directory: '{HOST_TMP}/tmpdfr7fhaf/skills/phoenix-writing/SKILL.md'

======================================================================
ERROR: test_rejects_unknown_missing_extra_and_changed_inputs_before_write (test_materializer.MaterializerTests.test_rejects_unknown_missing_extra_and_changed_inputs_before_write) (action='unknown-link')
----------------------------------------------------------------------
Traceback (most recent call last):
  File "{CANDIDATE}/tests/harness_adoption/test_materializer.py", line 109, in test_rejects_unknown_missing_extra_and_changed_inputs_before_write
    p=self.root/"skills/phoenix-writing/SKILL.md"; old=p.read_bytes()
                                                       ~~~~~~~~~~~~^^
  File "/opt/homebrew/Cellar/python@3.14/3.14.3_1/Frameworks/Python.framework/Versions/3.14/lib/python3.14/pathlib/__init__.py", line 777, in read_bytes
    with self.open(mode='rb', buffering=0) as f:
         ~~~~~~~~~^^^^^^^^^^^^^^^^^^^^^^^^
  File "/opt/homebrew/Cellar/python@3.14/3.14.3_1/Frameworks/Python.framework/Versions/3.14/lib/python3.14/pathlib/__init__.py", line 771, in open
    return io.open(self, mode, buffering, encoding, errors, newline)
           ~~~~~~~^^^^^^^^^^^^^^^^^^^^^^^^^^^^^^^^^^^^^^^^^^^^^^^^^^
FileNotFoundError: [Errno 2] No such file or directory: '{HOST_TMP}/tmpdfr7fhaf/skills/phoenix-writing/SKILL.md'

======================================================================
ERROR: test_rejects_unknown_missing_extra_and_changed_inputs_before_write (test_materializer.MaterializerTests.test_rejects_unknown_missing_extra_and_changed_inputs_before_write) (action='foreign-metadata')
----------------------------------------------------------------------
Traceback (most recent call last):
  File "{CANDIDATE}/tests/harness_adoption/test_materializer.py", line 109, in test_rejects_unknown_missing_extra_and_changed_inputs_before_write
    p=self.root/"skills/phoenix-writing/SKILL.md"; old=p.read_bytes()
                                                       ~~~~~~~~~~~~^^
  File "/opt/homebrew/Cellar/python@3.14/3.14.3_1/Frameworks/Python.framework/Versions/3.14/lib/python3.14/pathlib/__init__.py", line 777, in read_bytes
    with self.open(mode='rb', buffering=0) as f:
         ~~~~~~~~~^^^^^^^^^^^^^^^^^^^^^^^^
  File "/opt/homebrew/Cellar/python@3.14/3.14.3_1/Frameworks/Python.framework/Versions/3.14/lib/python3.14/pathlib/__init__.py", line 771, in open
    return io.open(self, mode, buffering, encoding, errors, newline)
           ~~~~~~~^^^^^^^^^^^^^^^^^^^^^^^^^^^^^^^^^^^^^^^^^^^^^^^^^^
FileNotFoundError: [Errno 2] No such file or directory: '{HOST_TMP}/tmpdfr7fhaf/skills/phoenix-writing/SKILL.md'

======================================================================
FAIL: test_builds_physical_complete_packages_and_projects_links (test_materializer.MaterializerTests.test_builds_physical_complete_packages_and_projects_links)
----------------------------------------------------------------------
Traceback (most recent call last):
  File "{CANDIDATE}/tests/harness_adoption/test_materializer.py", line 70, in test_builds_physical_complete_packages_and_projects_links
    self.assert_ok(self.run_cli())
    ~~~~~~~~~~~~~~^^^^^^^^^^^^^^^^
  File "{CANDIDATE}/tests/harness_adoption/test_materializer.py", line 60, in assert_ok
    self.assertEqual(result.returncode, 0, result.stdout + result.stderr)
    ~~~~~~~~~~~~~~~~^^^^^^^^^^^^^^^^^^^^^^^^^^^^^^^^^^^^^^^^^^^^^^^^^^^^^
AssertionError: 2 != 0 : /opt/homebrew/Cellar/python@3.14/3.14.3_1/Frameworks/Python.framework/Versions/3.14/Resources/Python.app/Contents/MacOS/Python: can't open file '{CANDIDATE}/scripts/materialize-writing-skills.py': [Errno 2] No such file or directory


======================================================================
FAIL: test_check_detects_output_manifest_and_policy_drift (test_materializer.MaterializerTests.test_check_detects_output_manifest_and_policy_drift)
----------------------------------------------------------------------
Traceback (most recent call last):
  File "{CANDIDATE}/tests/harness_adoption/test_materializer.py", line 98, in test_check_detects_output_manifest_and_policy_drift
    self.assert_ok(self.run_cli())
    ~~~~~~~~~~~~~~^^^^^^^^^^^^^^^^
  File "{CANDIDATE}/tests/harness_adoption/test_materializer.py", line 60, in assert_ok
    self.assertEqual(result.returncode, 0, result.stdout + result.stderr)
    ~~~~~~~~~~~~~~~~^^^^^^^^^^^^^^^^^^^^^^^^^^^^^^^^^^^^^^^^^^^^^^^^^^^^^
AssertionError: 2 != 0 : /opt/homebrew/Cellar/python@3.14/3.14.3_1/Frameworks/Python.framework/Versions/3.14/Resources/Python.app/Contents/MacOS/Python: can't open file '{CANDIDATE}/scripts/materialize-writing-skills.py': [Errno 2] No such file or directory


======================================================================
FAIL: test_rejects_alias_target_escape_and_nested_backing_symlink (test_materializer.MaterializerTests.test_rejects_alias_target_escape_and_nested_backing_symlink)
----------------------------------------------------------------------
Traceback (most recent call last):
  File "{CANDIDATE}/tests/harness_adoption/test_materializer.py", line 127, in test_rejects_alias_target_escape_and_nested_backing_symlink
    result=self.run_cli();self.assert_rejected(result)
                          ~~~~~~~~~~~~~~~~~~~~^^^^^^^^
  File "{CANDIDATE}/tests/harness_adoption/test_materializer.py", line 64, in assert_rejected
    self.assertIn("MATERIALIZER:", result.stderr)
    ~~~~~~~~~~~~~^^^^^^^^^^^^^^^^^^^^^^^^^^^^^^^^
AssertionError: 'MATERIALIZER:' not found in "/opt/homebrew/Cellar/python@3.14/3.14.3_1/Frameworks/Python.framework/Versions/3.14/Resources/Python.app/Contents/MacOS/Python: can't open file '{CANDIDATE}/scripts/materialize-writing-skills.py': [Errno 2] No such file or directory\n"

======================================================================
FAIL: test_rejects_extra_and_missing_backing_files (test_materializer.MaterializerTests.test_rejects_extra_and_missing_backing_files)
----------------------------------------------------------------------
Traceback (most recent call last):
  File "{CANDIDATE}/tests/harness_adoption/test_materializer.py", line 134, in test_rejects_extra_and_missing_backing_files
    self.assert_rejected(self.run_cli())
    ~~~~~~~~~~~~~~~~~~~~^^^^^^^^^^^^^^^^
  File "{CANDIDATE}/tests/harness_adoption/test_materializer.py", line 64, in assert_rejected
    self.assertIn("MATERIALIZER:", result.stderr)
    ~~~~~~~~~~~~~^^^^^^^^^^^^^^^^^^^^^^^^^^^^^^^^
AssertionError: 'MATERIALIZER:' not found in "/opt/homebrew/Cellar/python@3.14/3.14.3_1/Frameworks/Python.framework/Versions/3.14/Resources/Python.app/Contents/MacOS/Python: can't open file '{CANDIDATE}/scripts/materialize-writing-skills.py': [Errno 2] No such file or directory\n"

======================================================================
FAIL: test_rejects_forged_policy_alias_mapping_and_duplicate_input (test_materializer.MaterializerTests.test_rejects_forged_policy_alias_mapping_and_duplicate_input)
----------------------------------------------------------------------
Traceback (most recent call last):
  File "{CANDIDATE}/tests/harness_adoption/test_materializer.py", line 174, in test_rejects_forged_policy_alias_mapping_and_duplicate_input
    self.assert_rejected(self.run_cli())
    ~~~~~~~~~~~~~~~~~~~~^^^^^^^^^^^^^^^^
  File "{CANDIDATE}/tests/harness_adoption/test_materializer.py", line 64, in assert_rejected
    self.assertIn("MATERIALIZER:", result.stderr)
    ~~~~~~~~~~~~~^^^^^^^^^^^^^^^^^^^^^^^^^^^^^^^^
AssertionError: 'MATERIALIZER:' not found in "/opt/homebrew/Cellar/python@3.14/3.14.3_1/Frameworks/Python.framework/Versions/3.14/Resources/Python.app/Contents/MacOS/Python: can't open file '{CANDIDATE}/scripts/materialize-writing-skills.py': [Errno 2] No such file or directory\n"

======================================================================
FAIL: test_rejects_runtime_parent_and_foreign_framework_symlinks (test_materializer.MaterializerTests.test_rejects_runtime_parent_and_foreign_framework_symlinks)
----------------------------------------------------------------------
Traceback (most recent call last):
  File "{CANDIDATE}/tests/harness_adoption/test_materializer.py", line 159, in test_rejects_runtime_parent_and_foreign_framework_symlinks
    self.assert_ok(self.run_cli())
    ~~~~~~~~~~~~~~^^^^^^^^^^^^^^^^
  File "{CANDIDATE}/tests/harness_adoption/test_materializer.py", line 60, in assert_ok
    self.assertEqual(result.returncode, 0, result.stdout + result.stderr)
    ~~~~~~~~~~~~~~~~^^^^^^^^^^^^^^^^^^^^^^^^^^^^^^^^^^^^^^^^^^^^^^^^^^^^^
AssertionError: 2 != 0 : /opt/homebrew/Cellar/python@3.14/3.14.3_1/Frameworks/Python.framework/Versions/3.14/Resources/Python.app/Contents/MacOS/Python: can't open file '{CANDIDATE}/scripts/materialize-writing-skills.py': [Errno 2] No such file or directory


======================================================================
FAIL: test_rejects_source_parent_symlink_even_with_matching_hash (test_materializer.MaterializerTests.test_rejects_source_parent_symlink_even_with_matching_hash)
----------------------------------------------------------------------
Traceback (most recent call last):
  File "{CANDIDATE}/tests/harness_adoption/test_materializer.py", line 141, in test_rejects_source_parent_symlink_even_with_matching_hash
    self.assert_rejected(self.run_cli())
    ~~~~~~~~~~~~~~~~~~~~^^^^^^^^^^^^^^^^
  File "{CANDIDATE}/tests/harness_adoption/test_materializer.py", line 64, in assert_rejected
    self.assertIn("MATERIALIZER:", result.stderr)
    ~~~~~~~~~~~~~^^^^^^^^^^^^^^^^^^^^^^^^^^^^^^^^
AssertionError: 'MATERIALIZER:' not found in "/opt/homebrew/Cellar/python@3.14/3.14.3_1/Frameworks/Python.framework/Versions/3.14/Resources/Python.app/Contents/MacOS/Python: can't open file '{CANDIDATE}/scripts/materialize-writing-skills.py': [Errno 2] No such file or directory\n"

======================================================================
FAIL: test_rejects_unknown_active_markdown_link_syntax_and_missing_link (test_materializer.MaterializerTests.test_rejects_unknown_active_markdown_link_syntax_and_missing_link)
----------------------------------------------------------------------
Traceback (most recent call last):
  File "{CANDIDATE}/tests/harness_adoption/test_materializer.py", line 147, in test_rejects_unknown_active_markdown_link_syntax_and_missing_link
    self.assert_rejected(result)
    ~~~~~~~~~~~~~~~~~~~~^^^^^^^^
  File "{CANDIDATE}/tests/harness_adoption/test_materializer.py", line 64, in assert_rejected
    self.assertIn("MATERIALIZER:", result.stderr)
    ~~~~~~~~~~~~~^^^^^^^^^^^^^^^^^^^^^^^^^^^^^^^^
AssertionError: 'MATERIALIZER:' not found in "/opt/homebrew/Cellar/python@3.14/3.14.3_1/Frameworks/Python.framework/Versions/3.14/Resources/Python.app/Contents/MacOS/Python: can't open file '{CANDIDATE}/scripts/materialize-writing-skills.py': [Errno 2] No such file or directory\n"

======================================================================
FAIL: test_rejects_unknown_missing_extra_and_changed_inputs_before_write (test_materializer.MaterializerTests.test_rejects_unknown_missing_extra_and_changed_inputs_before_write) (action='extra')
----------------------------------------------------------------------
Traceback (most recent call last):
  File "{CANDIDATE}/tests/harness_adoption/test_materializer.py", line 117, in test_rejects_unknown_missing_extra_and_changed_inputs_before_write
    self.assert_rejected(result)
    ~~~~~~~~~~~~~~~~~~~~^^^^^^^^
  File "{CANDIDATE}/tests/harness_adoption/test_materializer.py", line 64, in assert_rejected
    self.assertIn("MATERIALIZER:", result.stderr)
    ~~~~~~~~~~~~~^^^^^^^^^^^^^^^^^^^^^^^^^^^^^^^^
AssertionError: 'MATERIALIZER:' not found in "/opt/homebrew/Cellar/python@3.14/3.14.3_1/Frameworks/Python.framework/Versions/3.14/Resources/Python.app/Contents/MacOS/Python: can't open file '{CANDIDATE}/scripts/materialize-writing-skills.py': [Errno 2] No such file or directory\n"

======================================================================
FAIL: test_rejects_unknown_missing_extra_and_changed_inputs_before_write (test_materializer.MaterializerTests.test_rejects_unknown_missing_extra_and_changed_inputs_before_write) (action='missing')
----------------------------------------------------------------------
Traceback (most recent call last):
  File "{CANDIDATE}/tests/harness_adoption/test_materializer.py", line 117, in test_rejects_unknown_missing_extra_and_changed_inputs_before_write
    self.assert_rejected(result)
    ~~~~~~~~~~~~~~~~~~~~^^^^^^^^
  File "{CANDIDATE}/tests/harness_adoption/test_materializer.py", line 64, in assert_rejected
    self.assertIn("MATERIALIZER:", result.stderr)
    ~~~~~~~~~~~~~^^^^^^^^^^^^^^^^^^^^^^^^^^^^^^^^
AssertionError: 'MATERIALIZER:' not found in "/opt/homebrew/Cellar/python@3.14/3.14.3_1/Frameworks/Python.framework/Versions/3.14/Resources/Python.app/Contents/MacOS/Python: can't open file '{CANDIDATE}/scripts/materialize-writing-skills.py': [Errno 2] No such file or directory\n"

======================================================================
FAIL: test_rolls_back_partial_install_and_preserves_foreign_framework (test_materializer.MaterializerTests.test_rolls_back_partial_install_and_preserves_foreign_framework)
----------------------------------------------------------------------
Traceback (most recent call last):
  File "{CANDIDATE}/tests/harness_adoption/test_materializer.py", line 150, in test_rolls_back_partial_install_and_preserves_foreign_framework
    self.assert_ok(self.run_cli());before=self.snapshot()
    ~~~~~~~~~~~~~~^^^^^^^^^^^^^^^^
  File "{CANDIDATE}/tests/harness_adoption/test_materializer.py", line 60, in assert_ok
    self.assertEqual(result.returncode, 0, result.stdout + result.stderr)
    ~~~~~~~~~~~~~~~~^^^^^^^^^^^^^^^^^^^^^^^^^^^^^^^^^^^^^^^^^^^^^^^^^^^^^
AssertionError: 2 != 0 : /opt/homebrew/Cellar/python@3.14/3.14.3_1/Frameworks/Python.framework/Versions/3.14/Resources/Python.app/Contents/MacOS/Python: can't open file '{CANDIDATE}/scripts/materialize-writing-skills.py': [Errno 2] No such file or directory


======================================================================
FAIL: test_second_generation_and_check_are_deterministic_and_read_only (test_materializer.MaterializerTests.test_second_generation_and_check_are_deterministic_and_read_only)
----------------------------------------------------------------------
Traceback (most recent call last):
  File "{CANDIDATE}/tests/harness_adoption/test_materializer.py", line 90, in test_second_generation_and_check_are_deterministic_and_read_only
    self.assert_ok(self.run_cli())
    ~~~~~~~~~~~~~~^^^^^^^^^^^^^^^^
  File "{CANDIDATE}/tests/harness_adoption/test_materializer.py", line 60, in assert_ok
    self.assertEqual(result.returncode, 0, result.stdout + result.stderr)
    ~~~~~~~~~~~~~~~~^^^^^^^^^^^^^^^^^^^^^^^^^^^^^^^^^^^^^^^^^^^^^^^^^^^^^
AssertionError: 2 != 0 : /opt/homebrew/Cellar/python@3.14/3.14.3_1/Frameworks/Python.framework/Versions/3.14/Resources/Python.app/Contents/MacOS/Python: can't open file '{CANDIDATE}/scripts/materialize-writing-skills.py': [Errno 2] No such file or directory


----------------------------------------------------------------------
Ran 11 tests in 0.502s

FAILED (failures=12, errors=3)
