test_tracker (unittest.loader._FailedTest.test_tracker) ... ERROR

======================================================================
ERROR: test_tracker (unittest.loader._FailedTest.test_tracker)
----------------------------------------------------------------------
ImportError: Failed to import test module: test_tracker
Traceback (most recent call last):
  File "/opt/homebrew/Cellar/python@3.14/3.14.3_1/Frameworks/Python.framework/Versions/3.14/lib/python3.14/unittest/loader.py", line 426, in _find_test_path
    module = self._get_module_from_name(name)
  File "/opt/homebrew/Cellar/python@3.14/3.14.3_1/Frameworks/Python.framework/Versions/3.14/lib/python3.14/unittest/loader.py", line 367, in _get_module_from_name
    __import__(name)
    ~~~~~~~~~~^^^^^^
  File "{CANDIDATE}/tests/harness_adoption/test_tracker.py", line 9, in <module>
    spec.loader.exec_module(verifier)
    ~~~~~~~~~~~~~~~~~~~~~~~^^^^^^^^^^
  File "<frozen importlib._bootstrap_external>", line 755, in exec_module
  File "<frozen importlib._bootstrap_external>", line 892, in get_code
  File "<frozen importlib._bootstrap_external>", line 950, in get_data
FileNotFoundError: [Errno 2] No such file or directory: '{CANDIDATE}/scripts/verify-harness-adoption.py'


----------------------------------------------------------------------
Ran 1 test in 0.000s

FAILED (errors=1)
